// Vitest Snapshot v1, https://vitest.dev/guide/snapshot.html

exports[`nation gold per minute > world map, impossible nations, 20 minutes 1`] = `
{
  "aliveNations": 30,
  "perMinute": [
    {
      "cities": 0,
      "factories": 0,
      "minute": 1,
      "ports": 0,
      "shipsArrived": 0,
      "tradeGold": 0,
      "tradeShipsAtSea": 0,
      "trainGold": 0,
      "trainStops": 0,
      "trainsRunning": 0,
    },
    {
      "cities": 2,
      "factories": 0,
      "minute": 2,
      "ports": 0,
      "shipsArrived": 0,
      "tradeGold": 0,
      "tradeShipsAtSea": 0,
      "trainGold": 0,
      "trainStops": 0,
      "trainsRunning": 0,
    },
    {
      "cities": 60,
      "factories": 0,
      "minute": 3,
      "ports": 0,
      "shipsArrived": 0,
      "tradeGold": 0,
      "tradeShipsAtSea": 0,
      "trainGold": 0,
      "trainStops": 0,
      "trainsRunning": 0,
    },
    {
      "cities": 60,
      "factories": 0,
      "minute": 4,
      "ports": 0,
      "shipsArrived": 0,
      "tradeGold": 0,
      "tradeShipsAtSea": 0,
      "trainGold": 0,
      "trainStops": 0,
      "trainsRunning": 0,
    },
    {
      "cities": 63,
      "factories": 0,
      "minute": 5,
      "ports": 8,
      "shipsArrived": 1,
      "tradeGold": 147500,
      "tradeShipsAtSea": 28,
      "trainGold": 0,
      "trainStops": 0,
      "trainsRunning": 0,
    },
    {
      "cities": 69,
      "factories": 0,
      "minute": 6,
      "ports": 12,
      "shipsArrived": 8,
      "tradeGold": 1477000,
      "tradeShipsAtSea": 65,
      "trainGold": 0,
      "trainStops": 0,
      "trainsRunning": 0,
    },
    {
      "cities": 72,
      "factories": 3,
      "minute": 7,
      "ports": 13,
      "shipsArrived": 17,
      "tradeGold": 4005000,
      "tradeShipsAtSea": 112,
      "trainGold": 440000,
      "trainStops": 12,
      "trainsRunning": 14,
    },
    {
      "cities": 77,
      "factories": 4,
      "minute": 8,
      "ports": 21,
      "shipsArrived": 44,
      "tradeGold": 11600000,
      "tradeShipsAtSea": 145,
      "trainGold": 780000,
      "trainStops": 28,
      "trainsRunning": 35,
    },
    {
      "cities": 78,
      "factories": 6,
      "minute": 9,
      "ports": 21,
      "shipsArrived": 69,
      "tradeGold": 18740000,
      "tradeShipsAtSea": 160,
      "trainGold": 1380000,
      "trainStops": 46,
      "trainsRunning": 14,
    },
    {
      "cities": 80,
      "factories": 6,
      "minute": 10,
      "ports": 21,
      "shipsArrived": 63,
      "tradeGold": 16760000,
      "tradeShipsAtSea": 164,
      "trainGold": 680000,
      "trainStops": 24,
      "trainsRunning": 42,
    },
    {
      "cities": 86,
      "factories": 9,
      "minute": 11,
      "ports": 25,
      "shipsArrived": 61,
      "tradeGold": 16640000,
      "tradeShipsAtSea": 181,
      "trainGold": 1170000,
      "trainStops": 47,
      "trainsRunning": 14,
    },
    {
      "cities": 83,
      "factories": 9,
      "minute": 12,
      "ports": 29,
      "shipsArrived": 75,
      "tradeGold": 20370000,
      "tradeShipsAtSea": 194,
      "trainGold": 2220000,
      "trainStops": 50,
      "trainsRunning": 28,
    },
    {
      "cities": 85,
      "factories": 10,
      "minute": 13,
      "ports": 32,
      "shipsArrived": 84,
      "tradeGold": 23050000,
      "tradeShipsAtSea": 206,
      "trainGold": 2060000,
      "trainStops": 54,
      "trainsRunning": 28,
    },
    {
      "cities": 80,
      "factories": 11,
      "minute": 14,
      "ports": 34,
      "shipsArrived": 91,
      "tradeGold": 26070000,
      "tradeShipsAtSea": 204,
      "trainGold": 1800000,
      "trainStops": 48,
      "trainsRunning": 28,
    },
    {
      "cities": 85,
      "factories": 15,
      "minute": 15,
      "ports": 38,
      "shipsArrived": 98,
      "tradeGold": 27200000,
      "tradeShipsAtSea": 216,
      "trainGold": 1880000,
      "trainStops": 42,
      "trainsRunning": 7,
    },
    {
      "cities": 86,
      "factories": 14,
      "minute": 16,
      "ports": 40,
      "shipsArrived": 98,
      "tradeGold": 26570000,
      "tradeShipsAtSea": 222,
      "trainGold": 4490000,
      "trainStops": 97,
      "trainsRunning": 49,
    },
    {
      "cities": 79,
      "factories": 15,
      "minute": 17,
      "ports": 40,
      "shipsArrived": 108,
      "tradeGold": 27650000,
      "tradeShipsAtSea": 221,
      "trainGold": 3280000,
      "trainStops": 84,
      "trainsRunning": 56,
    },
    {
      "cities": 76,
      "factories": 14,
      "minute": 18,
      "ports": 43,
      "shipsArrived": 132,
      "tradeGold": 31490000,
      "tradeShipsAtSea": 229,
      "trainGold": 2870000,
      "trainStops": 69,
      "trainsRunning": 42,
    },
    {
      "cities": 74,
      "factories": 13,
      "minute": 19,
      "ports": 43,
      "shipsArrived": 117,
      "tradeGold": 29480000,
      "tradeShipsAtSea": 245,
      "trainGold": 4520000,
      "trainStops": 104,
      "trainsRunning": 56,
    },
    {
      "cities": 72,
      "factories": 13,
      "minute": 20,
      "ports": 42,
      "shipsArrived": 129,
      "tradeGold": 30710000,
      "tradeShipsAtSea": 254,
      "trainGold": 3220000,
      "trainStops": 78,
      "trainsRunning": 21,
    },
  ],
  "totals": {
    "shipsArrived": 1195,
    "tradeGold": 312000000,
    "trainGold": 30790000,
    "trainStops": 783,
  },
}
`;
