// Vitest Snapshot v1, https://vitest.dev/guide/snapshot.html

exports[`nation gold per minute > world map, impossible nations, 20 minutes 1`] = `
{
  "aliveNations": 37,
  "perMinute": [
    {
      "cities": 0,
      "factories": 0,
      "minute": 1,
      "ports": 0,
      "shipsArrived": 0,
      "tradeGold": 0,
      "tradeShipsAtSea": 0,
      "trainGold": 0,
      "trainStops": 0,
      "trainsRunning": 0,
    },
    {
      "cities": 2,
      "factories": 0,
      "minute": 2,
      "ports": 0,
      "shipsArrived": 0,
      "tradeGold": 0,
      "tradeShipsAtSea": 0,
      "trainGold": 0,
      "trainStops": 0,
      "trainsRunning": 0,
    },
    {
      "cities": 57,
      "factories": 0,
      "minute": 3,
      "ports": 1,
      "shipsArrived": 0,
      "tradeGold": 0,
      "tradeShipsAtSea": 0,
      "trainGold": 0,
      "trainStops": 0,
      "trainsRunning": 0,
    },
    {
      "cities": 56,
      "factories": 0,
      "minute": 4,
      "ports": 3,
      "shipsArrived": 0,
      "tradeGold": 0,
      "tradeShipsAtSea": 5,
      "trainGold": 0,
      "trainStops": 0,
      "trainsRunning": 0,
    },
    {
      "cities": 56,
      "factories": 0,
      "minute": 5,
      "ports": 15,
      "shipsArrived": 0,
      "tradeGold": 0,
      "tradeShipsAtSea": 69,
      "trainGold": 0,
      "trainStops": 0,
      "trainsRunning": 0,
    },
    {
      "cities": 60,
      "factories": 0,
      "minute": 6,
      "ports": 21,
      "shipsArrived": 19,
      "tradeGold": 3796000,
      "tradeShipsAtSea": 124,
      "trainGold": 0,
      "trainStops": 0,
      "trainsRunning": 0,
    },
    {
      "cities": 65,
      "factories": 1,
      "minute": 7,
      "ports": 29,
      "shipsArrived": 69,
      "tradeGold": 16450000,
      "tradeShipsAtSea": 175,
      "trainGold": 80000,
      "trainStops": 2,
      "trainsRunning": 0,
    },
    {
      "cities": 71,
      "factories": 3,
      "minute": 8,
      "ports": 32,
      "shipsArrived": 78,
      "tradeGold": 18950000,
      "tradeShipsAtSea": 203,
      "trainGold": 220000,
      "trainStops": 8,
      "trainsRunning": 14,
    },
    {
      "cities": 77,
      "factories": 5,
      "minute": 9,
      "ports": 32,
      "shipsArrived": 92,
      "tradeGold": 25290000,
      "tradeShipsAtSea": 207,
      "trainGold": 840000,
      "trainStops": 24,
      "trainsRunning": 7,
    },
    {
      "cities": 81,
      "factories": 6,
      "minute": 10,
      "ports": 35,
      "shipsArrived": 100,
      "tradeGold": 27410000,
      "tradeShipsAtSea": 202,
      "trainGold": 1120000,
      "trainStops": 38,
      "trainsRunning": 21,
    },
    {
      "cities": 86,
      "factories": 8,
      "minute": 11,
      "ports": 37,
      "shipsArrived": 91,
      "tradeGold": 22960000,
      "tradeShipsAtSea": 226,
      "trainGold": 1480000,
      "trainStops": 38,
      "trainsRunning": 42,
    },
    {
      "cities": 92,
      "factories": 8,
      "minute": 12,
      "ports": 38,
      "shipsArrived": 105,
      "tradeGold": 28240000,
      "tradeShipsAtSea": 210,
      "trainGold": 2720000,
      "trainStops": 58,
      "trainsRunning": 28,
    },
    {
      "cities": 91,
      "factories": 8,
      "minute": 13,
      "ports": 39,
      "shipsArrived": 107,
      "tradeGold": 26660000,
      "tradeShipsAtSea": 216,
      "trainGold": 2350000,
      "trainStops": 55,
      "trainsRunning": 28,
    },
    {
      "cities": 95,
      "factories": 9,
      "minute": 14,
      "ports": 40,
      "shipsArrived": 85,
      "tradeGold": 22230000,
      "tradeShipsAtSea": 250,
      "trainGold": 1540000,
      "trainStops": 50,
      "trainsRunning": 42,
    },
    {
      "cities": 95,
      "factories": 10,
      "minute": 15,
      "ports": 45,
      "shipsArrived": 96,
      "tradeGold": 27070000,
      "tradeShipsAtSea": 250,
      "trainGold": 1920000,
      "trainStops": 60,
      "trainsRunning": 35,
    },
    {
      "cities": 93,
      "factories": 11,
      "minute": 16,
      "ports": 47,
      "shipsArrived": 114,
      "tradeGold": 29240000,
      "tradeShipsAtSea": 273,
      "trainGold": 2340000,
      "trainStops": 70,
      "trainsRunning": 28,
    },
    {
      "cities": 93,
      "factories": 11,
      "minute": 17,
      "ports": 51,
      "shipsArrived": 143,
      "tradeGold": 36120000,
      "tradeShipsAtSea": 265,
      "trainGold": 3280000,
      "trainStops": 92,
      "trainsRunning": 21,
    },
    {
      "cities": 91,
      "factories": 11,
      "minute": 18,
      "ports": 52,
      "shipsArrived": 152,
      "tradeGold": 37350000,
      "tradeShipsAtSea": 263,
      "trainGold": 2940000,
      "trainStops": 86,
      "trainsRunning": 14,
    },
    {
      "cities": 87,
      "factories": 11,
      "minute": 19,
      "ports": 54,
      "shipsArrived": 123,
      "tradeGold": 30360000,
      "tradeShipsAtSea": 279,
      "trainGold": 3970000,
      "trainStops": 93,
      "trainsRunning": 56,
    },
    {
      "cities": 87,
      "factories": 10,
      "minute": 20,
      "ports": 53,
      "shipsArrived": 153,
      "tradeGold": 37500000,
      "tradeShipsAtSea": 289,
      "trainGold": 3550000,
      "trainStops": 87,
      "trainsRunning": 70,
    },
  ],
  "totals": {
    "shipsArrived": 1527,
    "tradeGold": 389600000,
    "trainGold": 28350000,
    "trainStops": 761,
  },
}
`;
