// Vitest Snapshot v1, https://vitest.dev/guide/snapshot.html

exports[`nation gold per minute > world map, impossible nations, 20 minutes 1`] = `
{
  "aliveNations": 34,
  "perMinute": [
    {
      "cities": 0,
      "factories": 0,
      "minute": 1,
      "ports": 0,
      "shipsArrived": 0,
      "tradeGold": 0,
      "tradeShipsAtSea": 0,
      "trainGold": 0,
      "trainStops": 0,
      "trainsRunning": 0,
    },
    {
      "cities": 2,
      "factories": 0,
      "minute": 2,
      "ports": 0,
      "shipsArrived": 0,
      "tradeGold": 0,
      "tradeShipsAtSea": 0,
      "trainGold": 0,
      "trainStops": 0,
      "trainsRunning": 0,
    },
    {
      "cities": 58,
      "factories": 0,
      "minute": 3,
      "ports": 0,
      "shipsArrived": 0,
      "tradeGold": 0,
      "tradeShipsAtSea": 0,
      "trainGold": 0,
      "trainStops": 0,
      "trainsRunning": 0,
    },
    {
      "cities": 58,
      "factories": 0,
      "minute": 4,
      "ports": 5,
      "shipsArrived": 0,
      "tradeGold": 0,
      "tradeShipsAtSea": 8,
      "trainGold": 0,
      "trainStops": 0,
      "trainsRunning": 0,
    },
    {
      "cities": 60,
      "factories": 1,
      "minute": 5,
      "ports": 11,
      "shipsArrived": 7,
      "tradeGold": 537300,
      "tradeShipsAtSea": 50,
      "trainGold": 510000,
      "trainStops": 9,
      "trainsRunning": 0,
    },
    {
      "cities": 64,
      "factories": 2,
      "minute": 6,
      "ports": 16,
      "shipsArrived": 22,
      "tradeGold": 4424000,
      "tradeShipsAtSea": 80,
      "trainGold": 140000,
      "trainStops": 4,
      "trainsRunning": 0,
    },
    {
      "cities": 70,
      "factories": 3,
      "minute": 7,
      "ports": 21,
      "shipsArrived": 41,
      "tradeGold": 8416000,
      "tradeShipsAtSea": 125,
      "trainGold": 320000,
      "trainStops": 12,
      "trainsRunning": 14,
    },
    {
      "cities": 72,
      "factories": 5,
      "minute": 8,
      "ports": 23,
      "shipsArrived": 63,
      "tradeGold": 14960000,
      "tradeShipsAtSea": 148,
      "trainGold": 1100000,
      "trainStops": 36,
      "trainsRunning": 14,
    },
    {
      "cities": 75,
      "factories": 6,
      "minute": 9,
      "ports": 25,
      "shipsArrived": 94,
      "tradeGold": 21660000,
      "tradeShipsAtSea": 150,
      "trainGold": 1480000,
      "trainStops": 32,
      "trainsRunning": 7,
    },
    {
      "cities": 79,
      "factories": 10,
      "minute": 10,
      "ports": 26,
      "shipsArrived": 97,
      "tradeGold": 20170000,
      "tradeShipsAtSea": 152,
      "trainGold": 1670000,
      "trainStops": 39,
      "trainsRunning": 21,
    },
    {
      "cities": 82,
      "factories": 11,
      "minute": 11,
      "ports": 34,
      "shipsArrived": 98,
      "tradeGold": 19810000,
      "tradeShipsAtSea": 176,
      "trainGold": 1820000,
      "trainStops": 44,
      "trainsRunning": 28,
    },
    {
      "cities": 84,
      "factories": 12,
      "minute": 12,
      "ports": 36,
      "shipsArrived": 78,
      "tradeGold": 17410000,
      "tradeShipsAtSea": 175,
      "trainGold": 1850000,
      "trainStops": 53,
      "trainsRunning": 14,
    },
    {
      "cities": 82,
      "factories": 13,
      "minute": 13,
      "ports": 40,
      "shipsArrived": 94,
      "tradeGold": 20800000,
      "tradeShipsAtSea": 205,
      "trainGold": 2160000,
      "trainStops": 64,
      "trainsRunning": 28,
    },
    {
      "cities": 85,
      "factories": 13,
      "minute": 14,
      "ports": 43,
      "shipsArrived": 116,
      "tradeGold": 26970000,
      "tradeShipsAtSea": 217,
      "trainGold": 1560000,
      "trainStops": 50,
      "trainsRunning": 42,
    },
    {
      "cities": 85,
      "factories": 13,
      "minute": 15,
      "ports": 49,
      "shipsArrived": 130,
      "tradeGold": 30420000,
      "tradeShipsAtSea": 233,
      "trainGold": 3290000,
      "trainStops": 91,
      "trainsRunning": 56,
    },
    {
      "cities": 87,
      "factories": 14,
      "minute": 16,
      "ports": 51,
      "shipsArrived": 121,
      "tradeGold": 26210000,
      "tradeShipsAtSea": 272,
      "trainGold": 2570000,
      "trainStops": 67,
      "trainsRunning": 28,
    },
    {
      "cities": 87,
      "factories": 14,
      "minute": 17,
      "ports": 50,
      "shipsArrived": 131,
      "tradeGold": 33260000,
      "tradeShipsAtSea": 269,
      "trainGold": 2160000,
      "trainStops": 74,
      "trainsRunning": 63,
    },
    {
      "cities": 86,
      "factories": 15,
      "minute": 18,
      "ports": 51,
      "shipsArrived": 132,
      "tradeGold": 31330000,
      "tradeShipsAtSea": 266,
      "trainGold": 1750000,
      "trainStops": 75,
      "trainsRunning": 35,
    },
    {
      "cities": 84,
      "factories": 16,
      "minute": 19,
      "ports": 50,
      "shipsArrived": 127,
      "tradeGold": 33470000,
      "tradeShipsAtSea": 274,
      "trainGold": 1910000,
      "trainStops": 83,
      "trainsRunning": 56,
    },
    {
      "cities": 84,
      "factories": 16,
      "minute": 20,
      "ports": 51,
      "shipsArrived": 151,
      "tradeGold": 35870000,
      "tradeShipsAtSea": 289,
      "trainGold": 1270000,
      "trainStops": 55,
      "trainsRunning": 28,
    },
  ],
  "totals": {
    "shipsArrived": 1502,
    "tradeGold": 345700000,
    "trainGold": 25560000,
    "trainStops": 788,
  },
}
`;
